Command line invocation:
    /Applications/Xcode.app/Contents/Developer/usr/bin/xcodebuild -project AIReply.xcodeproj -scheme AIReply -destination id=34F3DAC7-CE23-4417-B7D9-9C94F52ECF29 -derivedDataPath build/RunDerivedData CODE_SIGN_IDENTITY=- CODE_SIGN_STYLE=Manual DEVELOPMENT_TEAM= PROVISIONING_PROFILE_SPECIFIER= build

Build settings from command line:
    CODE_SIGN_IDENTITY = -
    CODE_SIGN_STYLE = Manual
    DEVELOPMENT_TEAM = 
    PROVISIONING_PROFILE_SPECIFIER = 

--- xcodebuild: WARNING: Using the first of multiple matching destinations:
{ platform:iOS Simulator, arch:arm64, id:34F3DAC7-CE23-4417-B7D9-9C94F52ECF29, OS:17.0, name:iPhone 15 Pro }
{ platform:iOS Simulator, arch:x86_64, id:34F3DAC7-CE23-4417-B7D9-9C94F52ECF29, OS:17.0, name:iPhone 15 Pro }
note: Using codesigning identity override: -
ComputePackagePrebuildTargetDependencyGraph

Prepare packages

CreateBuildRequest

SendProjectDescription

CreateBuildOperation

ComputeTargetDependencyGraph
note: Building targets in dependency order
note: Target dependency graph (2 targets)
    Target 'AIReply' in project 'AIReply'
        ➜ Explicit dependency on target 'ReplyKeyboard' in project 'AIReply'
    Target 'ReplyKeyboard' in project 'AIReply' (no dependencies)

GatherProvisioningInputs

CreateBuildDescription

ExecuteExternalTool /Applications/Xcode.app/Contents/Developer/usr/bin/xcstringstool compile --dry-run --output-directory /Users/yerek/ai-reply/AI-Reply/build/RunDerivedData/Build/Intermediates.noindex/AIReply.build/Debug-iphonesimulator/AIReply.build /Users/yerek/ai-reply/AI-Reply/AIReply/Resources/Localizable.xcstrings

ExecuteExternalTool /Applications/Xcode.app/Contents/Developer/Toolchains/XcodeDefault.xctoolchain/usr/bin/clang -v -E -dM -isysroot /Applications/Xcode.app/Contents/Developer/Platforms/iPhoneSimulator.platform/Developer/SDKs/iPhoneSimulator26.4.sdk -x c -c /dev/null

ExecuteExternalTool /Applications/Xcode.app/Contents/Developer/Toolchains/XcodeDefault.xctoolchain/usr/bin/swiftc --version

ExecuteExternalTool /Applications/Xcode.app/Contents/Developer/usr/bin/actool --print-asset-tag-combinations --output-format xml1 /Users/yerek/ai-reply/AI-Reply/AIReply/Resources/Assets.xcassets

ExecuteExternalTool /Applications/Xcode.app/Contents/Developer/Toolchains/XcodeDefault.xctoolchain/usr/bin/ld -version_details

ExecuteExternalTool /Applications/Xcode.app/Contents/Developer/usr/bin/actool --version --output-format xml1

Build description signature: 0261f3480c7908aae7ae736797cd9142
Build description path: /Users/yerek/ai-reply/AI-Reply/build/RunDerivedData/Build/Intermediates.noindex/XCBuildData/0261f3480c7908aae7ae736797cd9142.xcbuilddata
ClangStatCache /Applications/Xcode.app/Contents/Developer/Toolchains/XcodeDefault.xctoolchain/usr/bin/clang-stat-cache /Applications/Xcode.app/Contents/Developer/Platforms/iPhoneSimulator.platform/Developer/SDKs/iPhoneSimulator26.4.sdk /Users/yerek/ai-reply/AI-Reply/build/RunDerivedData/SDKStatCaches.noindex/iphonesimulator26.4-23E252-686eebb5dc1d8ecb277353a59184f4aa.sdkstatcache
    cd /Users/yerek/ai-reply/AI-Reply/AIReply.xcodeproj
    /Applications/Xcode.app/Contents/Developer/Toolchains/XcodeDefault.xctoolchain/usr/bin/clang-stat-cache /Applications/Xcode.app/Contents/Developer/Platforms/iPhoneSimulator.platform/Developer/SDKs/iPhoneSimulator26.4.sdk -o /Users/yerek/ai-reply/AI-Reply/build/RunDerivedData/SDKStatCaches.noindex/iphonesimulator26.4-23E252-686eebb5dc1d8ecb277353a59184f4aa.sdkstatcache

ProcessInfoPlistFile /Users/yerek/ai-reply/AI-Reply/build/RunDerivedData/Build/Products/Debug-iphonesimulator/ReplyKeyboardExtension.appex/Info.plist /Users/yerek/ai-reply/AI-Reply/ReplyKeyboard/Info.plist (in target 'ReplyKeyboard' from project 'AIReply')
    cd /Users/yerek/ai-reply/AI-Reply
    builtin-infoPlistUtility /Users/yerek/ai-reply/AI-Reply/ReplyKeyboard/Info.plist -producttype com.apple.product-type.app-extension -expandbuildsettings -format binary -platform iphonesimulator -o /Users/yerek/ai-reply/AI-Reply/build/RunDerivedData/Build/Products/Debug-iphonesimulator/ReplyKeyboardExtension.appex/Info.plist

CompileXCStrings /Users/yerek/ai-reply/AI-Reply/build/RunDerivedData/Build/Intermediates.noindex/AIReply.build/Debug-iphonesimulator/AIReply.build/ /Users/yerek/ai-reply/AI-Reply/AIReply/Resources/Localizable.xcstrings (in target 'AIReply' from project 'AIReply')
    cd /Users/yerek/ai-reply/AI-Reply
    /Applications/Xcode.app/Contents/Developer/usr/bin/xcstringstool compile --output-directory /Users/yerek/ai-reply/AI-Reply/build/RunDerivedData/Build/Intermediates.noindex/AIReply.build/Debug-iphonesimulator/AIReply.build /Users/yerek/ai-reply/AI-Reply/AIReply/Resources/Localizable.xcstrings

CopyStringsFile /Users/yerek/ai-reply/AI-Reply/build/RunDerivedData/Build/Products/Debug-iphonesimulator/AIReply.app/uz.lproj/Localizable.strings /Users/yerek/ai-reply/AI-Reply/build/RunDerivedData/Build/Intermediates.noindex/AIReply.build/Debug-iphonesimulator/AIReply.build/uz.lproj/Localizable.strings (in target 'AIReply' from project 'AIReply')
    cd /Users/yerek/ai-reply/AI-Reply
    builtin-copyStrings --validate --outputencoding binary --outfilename Localizable.strings --outdir /Users/yerek/ai-reply/AI-Reply/build/RunDerivedData/Build/Products/Debug-iphonesimulator/AIReply.app/uz.lproj -- /Users/yerek/ai-reply/AI-Reply/build/RunDerivedData/Build/Intermediates.noindex/AIReply.build/Debug-iphonesimulator/AIReply.build/uz.lproj/Localizable.strings
/Users/yerek/ai-reply/AI-Reply/build/RunDerivedData/Build/Intermediates.noindex/AIReply.build/Debug-iphonesimulator/AIReply.build/uz.lproj/Localizable.strings:1:1: note: detected encoding of input file as Unicode (UTF-8) (in target 'AIReply' from project 'AIReply')

CopyStringsFile /Users/yerek/ai-reply/AI-Reply/build/RunDerivedData/Build/Products/Debug-iphonesimulator/AIReply.app/kk.lproj/Localizable.strings /Users/yerek/ai-reply/AI-Reply/build/RunDerivedData/Build/Intermediates.noindex/AIReply.build/Debug-iphonesimulator/AIReply.build/kk.lproj/Localizable.strings (in target 'AIReply' from project 'AIReply')
    cd /Users/yerek/ai-reply/AI-Reply
    builtin-copyStrings --validate --outputencoding binary --outfilename Localizable.strings --outdir /Users/yerek/ai-reply/AI-Reply/build/RunDerivedData/Build/Products/Debug-iphonesimulator/AIReply.app/kk.lproj -- /Users/yerek/ai-reply/AI-Reply/build/RunDerivedData/Build/Intermediates.noindex/AIReply.build/Debug-iphonesimulator/AIReply.build/kk.lproj/Localizable.strings
/Users/yerek/ai-reply/AI-Reply/build/RunDerivedData/Build/Intermediates.noindex/AIReply.build/Debug-iphonesimulator/AIReply.build/kk.lproj/Localizable.strings:1:1: note: detected encoding of input file as Unicode (UTF-8) (in target 'AIReply' from project 'AIReply')

CopyStringsFile /Users/yerek/ai-reply/AI-Reply/build/RunDerivedData/Build/Products/Debug-iphonesimulator/AIReply.app/ru.lproj/Localizable.strings /Users/yerek/ai-reply/AI-Reply/build/RunDerivedData/Build/Intermediates.noindex/AIReply.build/Debug-iphonesimulator/AIReply.build/ru.lproj/Localizable.strings (in target 'AIReply' from project 'AIReply')
    cd /Users/yerek/ai-reply/AI-Reply
    builtin-copyStrings --validate --outputencoding binary --outfilename Localizable.strings --outdir /Users/yerek/ai-reply/AI-Reply/build/RunDerivedData/Build/Products/Debug-iphonesimulator/AIReply.app/ru.lproj -- /Users/yerek/ai-reply/AI-Reply/build/RunDerivedData/Build/Intermediates.noindex/AIReply.build/Debug-iphonesimulator/AIReply.build/ru.lproj/Localizable.strings
/Users/yerek/ai-reply/AI-Reply/build/RunDerivedData/Build/Intermediates.noindex/AIReply.build/Debug-iphonesimulator/AIReply.build/ru.lproj/Localizable.strings:1:1: note: detected encoding of input file as Unicode (UTF-8) (in target 'AIReply' from project 'AIReply')

CopyStringsFile /Users/yerek/ai-reply/AI-Reply/build/RunDerivedData/Build/Products/Debug-iphonesimulator/AIReply.app/en.lproj/Localizable.strings /Users/yerek/ai-reply/AI-Reply/build/RunDerivedData/Build/Intermediates.noindex/AIReply.build/Debug-iphonesimulator/AIReply.build/en.lproj/Localizable.strings (in target 'AIReply' from project 'AIReply')
    cd /Users/yerek/ai-reply/AI-Reply
    builtin-copyStrings --validate --outputencoding binary --outfilename Localizable.strings --outdir /Users/yerek/ai-reply/AI-Reply/build/RunDerivedData/Build/Products/Debug-iphonesimulator/AIReply.app/en.lproj -- /Users/yerek/ai-reply/AI-Reply/build/RunDerivedData/Build/Intermediates.noindex/AIReply.build/Debug-iphonesimulator/AIReply.build/en.lproj/Localizable.strings
/Users/yerek/ai-reply/AI-Reply/build/RunDerivedData/Build/Intermediates.noindex/AIReply.build/Debug-iphonesimulator/AIReply.build/en.lproj/Localizable.strings:1:1: note: detected encoding of input file as Unicode (UTF-8) (in target 'AIReply' from project 'AIReply')

ProcessInfoPlistFile /Users/yerek/ai-reply/AI-Reply/build/RunDerivedData/Build/Products/Debug-iphonesimulator/AIReply.app/Info.plist /Users/yerek/ai-reply/AI-Reply/AIReply/Info.plist (in target 'AIReply' from project 'AIReply')
    cd /Users/yerek/ai-reply/AI-Reply
    builtin-infoPlistUtility /Users/yerek/ai-reply/AI-Reply/AIReply/Info.plist -producttype com.apple.product-type.application -genpkginfo /Users/yerek/ai-reply/AI-Reply/build/RunDerivedData/Build/Products/Debug-iphonesimulator/AIReply.app/PkgInfo -expandbuildsettings -format binary -platform iphonesimulator -additionalcontentfile /Users/yerek/ai-reply/AI-Reply/build/RunDerivedData/Build/Intermediates.noindex/AIReply.build/Debug-iphonesimulator/AIReply.build/assetcatalog_generated_info.plist -scanforprivacyfile /Users/yerek/ai-reply/AI-Reply/build/RunDerivedData/Build/Products/Debug-iphonesimulator/AIReply.app/PlugIns/ReplyKeyboardExtension.appex -o /Users/yerek/ai-reply/AI-Reply/build/RunDerivedData/Build/Products/Debug-iphonesimulator/AIReply.app/Info.plist

** BUILD SUCCEEDED **

xcodebuild exit=0
Executable=/Users/yerek/ai-reply/AI-Reply/build/RunDerivedData/Build/Products/Debug-iphonesimulator/AIReply.app/PlugIns/ReplyKeyboardExtension.appex/ReplyKeyboardExtension
Identifier=kz.yerek.replykeyboard.keyboard
Format=bundle with Mach-O thin (arm64)
CodeDirectory v=20400 size=440 flags=0x2(adhoc) hashes=3+7 location=embedded
Signature=adhoc
Info.plist entries=22
TeamIdentifier=not set
Sealed Resources version=2 rules=10 files=2
Internal requirements count=0 size=12
[Dict]
installed
kz.yerek.replykeyboard: 31595
launched
